<html>
<body>
<pre>
<h1>µVision Build Log</h1>
<h2>Tool Versions:</h2>
IDE-Version: µVision V5.29.0.0
Copyright (C) 2019 ARM Ltd and ARM Germany GmbH. All rights reserved.
License Information: nguyen dao, mkp, LIC=JL2UH-WI03A-1PEZ5-GVNEE-8UHX0-Q64NL
 
Tool Versions:
Toolchain:       MDK-ARM Plus  Version: 5.29.0.0
Toolchain Path:  C:\Keil_v5\ARM\ARMCC\Bin
C Compiler:      Armcc.exe V5.06 update 6 (build 750)
Assembler:       Armasm.exe V5.06 update 6 (build 750)
Linker/Locator:  ArmLink.exe V5.06 update 6 (build 750)
Library Manager: ArmAr.exe V5.06 update 6 (build 750)
Hex Converter:   FromElf.exe V5.06 update 6 (build 750)
CPU DLL:         SARMCM3.DLL V5.29.0.0
Dialog DLL:      DARMSTM.DLL V1.68.0.0
Target DLL:      STLink\ST-LINKIII-KEIL_SWO.dll V3.0.7.0
Dialog DLL:      TARMSTM.DLL V1.66.0.0
 
<h2>Project:</h2>
D:\Hoc Hanh Cham Chi\WMR\DigitalControl\STM_Code_Receive\MDK-ARM\STM_WMR_Ver1.uvprojx
Project File Date:  11/15/2020

<h2>Output:</h2>
*** Using Compiler 'V5.06 update 6 (build 750)', folder: 'C:\Keil_v5\ARM\ARMCC\Bin'
Build target 'STM_WMR_Ver1'
compiling radio_demo.c...
..\Core\Src\radio_demo.c(32): warning:  #223-D: function "strlen" declared implicitly
      HAL_UART_Transmit(&huart2, (uint8_t *)string, (uint16_t)strlen(string), 200);
..\Core\Src\radio_demo.c(184): warning:  #161-D: unrecognized #pragma
  #pragma clang diagnostic push
..\Core\Src\radio_demo.c(185): warning:  #161-D: unrecognized #pragma
  #pragma clang diagnostic ignored "-Wmissing-noreturn"
..\Core\Src\radio_demo.c(187): warning:  #161-D: unrecognized #pragma
  #pragma clang diagnostic pop
..\Core\Src\radio_demo.c(191): warning:  #940-D: missing return statement at end of non-void function "runRadio" 
  }
..\Core\Src\radio_demo.c: 5 warnings, 0 errors
linking...
Program Size: Code=8156 RO-data=312 RW-data=40 ZI-data=1480  
FromELF: creating hex file...
"STM_WMR_Ver1\STM_WMR_Ver1.axf" - 0 Error(s), 5 Warning(s).

<h2>Software Packages used:</h2>

Package Vendor: ARM
                http://www.keil.com/pack/ARM.CMSIS.5.7.0.pack
                ARM.CMSIS.5.7.0
                CMSIS (Cortex Microcontroller Software Interface Standard)
   * Component: CORE Version: 5.4.0

Package Vendor: Keil
                http://www.keil.com/pack/Keil.STM32F1xx_DFP.2.3.0.pack
                Keil.STM32F1xx_DFP.2.3.0
                STMicroelectronics STM32F1 Series Device Support, Drivers and Examples

<h2>Collection of Component include folders:</h2>
  .\RTE\_STM_WMR_Ver1
  C:\Keil_v5\ARM\PACK\ARM\CMSIS\5.7.0\CMSIS\Core\Include
  C:\Keil_v5\ARM\PACK\Keil\STM32F1xx_DFP\2.3.0\Device\Include

<h2>Collection of Component Files used:</h2>

   * Component: ARM::CMSIS:CORE:5.4.0
Build Time Elapsed:  00:00:04
</pre>
</body>
</html>
